[0.123s] DEBUG:colcon:Command line arguments: ['/usr/bin/colcon', 'build']
[0.123s] DEBUG:colcon:Parsed command line arguments: Namespace(log_base=None, log_level=None, verb_name='build', build_base='build', install_base='install', merge_install=False, symlink_install=False, test_result_base=None, continue_on_error=False, executor='parallel', parallel_workers=16, event_handlers=None, ignore_user_meta=False, metas=['./colcon.meta'], base_paths=['.'], packages_ignore=None, packages_ignore_regex=None, paths=None, packages_up_to=None, packages_up_to_regex=None, packages_above=None, packages_above_and_dependencies=None, packages_above_depth=None, packages_select_by_dep=None, packages_skip_by_dep=None, packages_skip_up_to=None, packages_select_build_failed=False, packages_skip_build_finished=False, packages_select_test_failures=False, packages_skip_test_passed=False, packages_select=None, packages_skip=None, packages_select_regex=None, packages_skip_regex=None, packages_start=None, packages_end=None, allow_overriding=[], cmake_args=None, cmake_target=None, cmake_target_skip_unavailable=False, cmake_clean_cache=False, cmake_clean_first=False, cmake_force_configure=False, ament_cmake_args=None, catkin_cmake_args=None, catkin_skip_building_tests=False, mixin_files=None, mixin=None, verb_parser=<colcon_mixin.mixin.mixin_argument.MixinArgumentDecorator object at 0x7d9cc948c160>, verb_extension=<colcon_core.verb.build.BuildVerb object at 0x7d9cc944fa90>, main=<bound method BuildVerb.main of <colcon_core.verb.build.BuildVerb object at 0x7d9cc944fa90>>, mixin_verb=('build',))
[0.318s] Level 1:colcon.colcon_core.package_discovery:discover_packages(colcon_meta) check parameters
[0.318s] Level 1:colcon.colcon_core.package_discovery:discover_packages(recursive) check parameters
[0.318s] Level 1:colcon.colcon_core.package_discovery:discover_packages(ignore) check parameters
[0.318s] Level 1:colcon.colcon_core.package_discovery:discover_packages(path) check parameters
[0.318s] Level 1:colcon.colcon_core.package_discovery:discover_packages(colcon_meta) discover
[0.318s] Level 1:colcon.colcon_core.package_discovery:discover_packages(recursive) discover
[0.318s] INFO:colcon.colcon_core.package_discovery:Crawling recursively for packages in '/home/andres/Documents/Proyecto_G/robot_ws'
[0.318s] Level 1:colcon.colcon_core.package_identification:_identify(.) by extensions ['ignore', 'ignore_ament_install']
[0.319s] Level 1:colcon.colcon_core.package_identification:_identify(.) by extension 'ignore'
[0.319s] Level 1:colcon.colcon_core.package_identification:_identify(.) by extension 'ignore_ament_install'
[0.319s] Level 1:colcon.colcon_core.package_identification:_identify(.) by extensions ['colcon_pkg']
[0.319s] Level 1:colcon.colcon_core.package_identification:_identify(.) by extension 'colcon_pkg'
[0.319s] Level 1:colcon.colcon_core.package_identification:_identify(.) by extensions ['colcon_meta']
[0.319s] Level 1:colcon.colcon_core.package_identification:_identify(.) by extension 'colcon_meta'
[0.319s] Level 1:colcon.colcon_core.package_identification:_identify(.) by extensions ['ros']
[0.319s] Level 1:colcon.colcon_core.package_identification:_identify(.) by extension 'ros'
[0.362s] Level 1:colcon.colcon_core.package_identification:_identify(.) by extensions ['cmake', 'python']
[0.362s] Level 1:colcon.colcon_core.package_identification:_identify(.) by extension 'cmake'
[0.362s] Level 1:colcon.colcon_core.package_identification:_identify(.) by extension 'python'
[0.362s] Level 1:colcon.colcon_core.package_identification:_identify(.) by extensions ['python_setup_py']
[0.362s] Level 1:colcon.colcon_core.package_identification:_identify(.) by extension 'python_setup_py'
[0.362s] Level 1:colcon.colcon_core.package_identification:_identify(build) by extensions ['ignore', 'ignore_ament_install']
[0.362s] Level 1:colcon.colcon_core.package_identification:_identify(build) by extension 'ignore'
[0.362s] Level 1:colcon.colcon_core.package_identification:_identify(build) ignored
[0.362s] Level 1:colcon.colcon_core.package_identification:_identify(install) by extensions ['ignore', 'ignore_ament_install']
[0.363s] Level 1:colcon.colcon_core.package_identification:_identify(install) by extension 'ignore'
[0.363s] Level 1:colcon.colcon_core.package_identification:_identify(install) ignored
[0.363s] Level 1:colcon.colcon_core.package_identification:_identify(log) by extensions ['ignore', 'ignore_ament_install']
[0.363s] Level 1:colcon.colcon_core.package_identification:_identify(log) by extension 'ignore'
[0.363s] Level 1:colcon.colcon_core.package_identification:_identify(log) ignored
[0.383s] Level 1:colcon.colcon_core.package_identification:_identify(src) by extensions ['ignore', 'ignore_ament_install']
[0.384s] Level 1:colcon.colcon_core.package_identification:_identify(src) by extension 'ignore'
[0.384s] Level 1:colcon.colcon_core.package_identification:_identify(src) by extension 'ignore_ament_install'
[0.384s] Level 1:colcon.colcon_core.package_identification:_identify(src) by extensions ['colcon_pkg']
[0.384s] Level 1:colcon.colcon_core.package_identification:_identify(src) by extension 'colcon_pkg'
[0.384s] Level 1:colcon.colcon_core.package_identification:_identify(src) by extensions ['colcon_meta']
[0.384s] Level 1:colcon.colcon_core.package_identification:_identify(src) by extension 'colcon_meta'
[0.384s] Level 1:colcon.colcon_core.package_identification:_identify(src) by extensions ['ros']
[0.384s] Level 1:colcon.colcon_core.package_identification:_identify(src) by extension 'ros'
[0.384s] Level 1:colcon.colcon_core.package_identification:_identify(src) by extensions ['cmake', 'python']
[0.385s] Level 1:colcon.colcon_core.package_identification:_identify(src) by extension 'cmake'
[0.385s] Level 1:colcon.colcon_core.package_identification:_identify(src) by extension 'python'
[0.385s] Level 1:colcon.colcon_core.package_identification:_identify(src) by extensions ['python_setup_py']
[0.385s] Level 1:colcon.colcon_core.package_identification:_identify(src) by extension 'python_setup_py'
[0.385s] Level 1:colcon.colcon_core.package_identification:_identify(src/launch) by extensions ['ignore', 'ignore_ament_install']
[0.385s] Level 1:colcon.colcon_core.package_identification:_identify(src/launch) by extension 'ignore'
[0.385s] Level 1:colcon.colcon_core.package_identification:_identify(src/launch) by extension 'ignore_ament_install'
[0.385s] Level 1:colcon.colcon_core.package_identification:_identify(src/launch) by extensions ['colcon_pkg']
[0.385s] Level 1:colcon.colcon_core.package_identification:_identify(src/launch) by extension 'colcon_pkg'
[0.385s] Level 1:colcon.colcon_core.package_identification:_identify(src/launch) by extensions ['colcon_meta']
[0.385s] Level 1:colcon.colcon_core.package_identification:_identify(src/launch) by extension 'colcon_meta'
[0.385s] Level 1:colcon.colcon_core.package_identification:_identify(src/launch) by extensions ['ros']
[0.385s] Level 1:colcon.colcon_core.package_identification:_identify(src/launch) by extension 'ros'
[0.385s] Level 1:colcon.colcon_core.package_identification:_identify(src/launch) by extensions ['cmake', 'python']
[0.385s] Level 1:colcon.colcon_core.package_identification:_identify(src/launch) by extension 'cmake'
[0.386s] Level 1:colcon.colcon_core.package_identification:_identify(src/launch) by extension 'python'
[0.386s] Level 1:colcon.colcon_core.package_identification:_identify(src/launch) by extensions ['python_setup_py']
[0.386s] Level 1:colcon.colcon_core.package_identification:_identify(src/launch) by extension 'python_setup_py'
[0.386s] Level 1:colcon.colcon_core.package_identification:_identify(src/rviz) by extensions ['ignore', 'ignore_ament_install']
[0.386s] Level 1:colcon.colcon_core.package_identification:_identify(src/rviz) by extension 'ignore'
[0.386s] Level 1:colcon.colcon_core.package_identification:_identify(src/rviz) by extension 'ignore_ament_install'
[0.386s] Level 1:colcon.colcon_core.package_identification:_identify(src/rviz) by extensions ['colcon_pkg']
[0.386s] Level 1:colcon.colcon_core.package_identification:_identify(src/rviz) by extension 'colcon_pkg'
[0.386s] Level 1:colcon.colcon_core.package_identification:_identify(src/rviz) by extensions ['colcon_meta']
[0.386s] Level 1:colcon.colcon_core.package_identification:_identify(src/rviz) by extension 'colcon_meta'
[0.386s] Level 1:colcon.colcon_core.package_identification:_identify(src/rviz) by extensions ['ros']
[0.386s] Level 1:colcon.colcon_core.package_identification:_identify(src/rviz) by extension 'ros'
[0.386s] Level 1:colcon.colcon_core.package_identification:_identify(src/rviz) by extensions ['cmake', 'python']
[0.386s] Level 1:colcon.colcon_core.package_identification:_identify(src/rviz) by extension 'cmake'
[0.386s] Level 1:colcon.colcon_core.package_identification:_identify(src/rviz) by extension 'python'
[0.386s] Level 1:colcon.colcon_core.package_identification:_identify(src/rviz) by extensions ['python_setup_py']
[0.386s] Level 1:colcon.colcon_core.package_identification:_identify(src/rviz) by extension 'python_setup_py'
[0.387s] Level 1:colcon.colcon_core.package_identification:_identify(src/scanbot_description) by extensions ['ignore', 'ignore_ament_install']
[0.387s] Level 1:colcon.colcon_core.package_identification:_identify(src/scanbot_description) by extension 'ignore'
[0.387s] Level 1:colcon.colcon_core.package_identification:_identify(src/scanbot_description) by extension 'ignore_ament_install'
[0.387s] Level 1:colcon.colcon_core.package_identification:_identify(src/scanbot_description) by extensions ['colcon_pkg']
[0.387s] Level 1:colcon.colcon_core.package_identification:_identify(src/scanbot_description) by extension 'colcon_pkg'
[0.387s] Level 1:colcon.colcon_core.package_identification:_identify(src/scanbot_description) by extensions ['colcon_meta']
[0.387s] Level 1:colcon.colcon_core.package_identification:_identify(src/scanbot_description) by extension 'colcon_meta'
[0.387s] Level 1:colcon.colcon_core.package_identification:_identify(src/scanbot_description) by extensions ['ros']
[0.387s] Level 1:colcon.colcon_core.package_identification:_identify(src/scanbot_description) by extension 'ros'
[0.390s] DEBUG:colcon.colcon_core.package_identification:Package 'src/scanbot_description' with type 'ros.ament_cmake' and name 'scanbot_description'
[0.390s] Level 1:colcon.colcon_core.package_identification:_identify(src/urdf) by extensions ['ignore', 'ignore_ament_install']
[0.390s] Level 1:colcon.colcon_core.package_identification:_identify(src/urdf) by extension 'ignore'
[0.390s] Level 1:colcon.colcon_core.package_identification:_identify(src/urdf) by extension 'ignore_ament_install'
[0.390s] Level 1:colcon.colcon_core.package_identification:_identify(src/urdf) by extensions ['colcon_pkg']
[0.391s] Level 1:colcon.colcon_core.package_identification:_identify(src/urdf) by extension 'colcon_pkg'
[0.391s] Level 1:colcon.colcon_core.package_identification:_identify(src/urdf) by extensions ['colcon_meta']
[0.391s] Level 1:colcon.colcon_core.package_identification:_identify(src/urdf) by extension 'colcon_meta'
[0.391s] Level 1:colcon.colcon_core.package_identification:_identify(src/urdf) by extensions ['ros']
[0.391s] Level 1:colcon.colcon_core.package_identification:_identify(src/urdf) by extension 'ros'
[0.391s] Level 1:colcon.colcon_core.package_identification:_identify(src/urdf) by extensions ['cmake', 'python']
[0.391s] Level 1:colcon.colcon_core.package_identification:_identify(src/urdf) by extension 'cmake'
[0.391s] Level 1:colcon.colcon_core.package_identification:_identify(src/urdf) by extension 'python'
[0.391s] Level 1:colcon.colcon_core.package_identification:_identify(src/urdf) by extensions ['python_setup_py']
[0.391s] Level 1:colcon.colcon_core.package_identification:_identify(src/urdf) by extension 'python_setup_py'
[0.391s] Level 1:colcon.colcon_core.package_discovery:discover_packages(recursive) using defaults
[0.391s] Level 1:colcon.colcon_core.package_discovery:discover_packages(ignore) discover
[0.391s] Level 1:colcon.colcon_core.package_discovery:discover_packages(ignore) using defaults
[0.391s] Level 1:colcon.colcon_core.package_discovery:discover_packages(path) discover
[0.391s] Level 1:colcon.colcon_core.package_discovery:discover_packages(path) using defaults
[0.414s] Level 1:colcon.colcon_core.package_discovery:discover_packages(prefix_path) check parameters
[0.414s] Level 1:colcon.colcon_core.package_discovery:discover_packages(prefix_path) discover
[0.415s] WARNING:colcon.colcon_core.prefix_path.colcon:The path '/home/andres/Documents/Proyecto_G/robot_ws/src/install' in the environment variable COLCON_PREFIX_PATH doesn't exist
[0.416s] WARNING:colcon.colcon_ros.prefix_path.ament:The path '/home/andres/Documents/Proyecto_G/robot_ws/src/install/scanbot_description' in the environment variable AMENT_PREFIX_PATH doesn't exist
[0.417s] WARNING:colcon.colcon_ros.prefix_path.catkin:The path '/home/andres/Documents/Proyecto_G/robot_ws/src/install/scanbot_description' in the environment variable CMAKE_PREFIX_PATH doesn't exist
[0.418s] DEBUG:colcon.colcon_installed_package_information.package_discovery:Found 1 installed packages in /home/andres/Documents/Proyecto_G/robot_ws/install
[0.418s] DEBUG:colcon.colcon_installed_package_information.package_discovery:Found 3 installed packages in /home/andres/microros_ws/install
[0.419s] DEBUG:colcon.colcon_installed_package_information.package_discovery:Found 16 installed packages in /home/andres/turtlebot3_ws/install
[0.420s] DEBUG:colcon.colcon_installed_package_information.package_discovery:Found 2 installed packages in /home/andres/Documents/Robotica/LIDAR/install
[0.420s] DEBUG:colcon.colcon_installed_package_information.package_discovery:Found 3 installed packages in /home/andres/ros2_ws/install
[0.422s] DEBUG:colcon.colcon_installed_package_information.package_discovery:Found 314 installed packages in /opt/ros/humble
[0.424s] Level 1:colcon.colcon_core.package_discovery:discover_packages(prefix_path) using defaults
[0.470s] Level 5:colcon.colcon_core.verb:set package 'scanbot_description' build argument 'cmake_args' from command line to 'None'
[0.471s] Level 5:colcon.colcon_core.verb:set package 'scanbot_description' build argument 'cmake_target' from command line to 'None'
[0.471s] Level 5:colcon.colcon_core.verb:set package 'scanbot_description' build argument 'cmake_target_skip_unavailable' from command line to 'False'
[0.471s] Level 5:colcon.colcon_core.verb:set package 'scanbot_description' build argument 'cmake_clean_cache' from command line to 'False'
[0.471s] Level 5:colcon.colcon_core.verb:set package 'scanbot_description' build argument 'cmake_clean_first' from command line to 'False'
[0.471s] Level 5:colcon.colcon_core.verb:set package 'scanbot_description' build argument 'cmake_force_configure' from command line to 'False'
[0.471s] Level 5:colcon.colcon_core.verb:set package 'scanbot_description' build argument 'ament_cmake_args' from command line to 'None'
[0.471s] Level 5:colcon.colcon_core.verb:set package 'scanbot_description' build argument 'catkin_cmake_args' from command line to 'None'
[0.471s] Level 5:colcon.colcon_core.verb:set package 'scanbot_description' build argument 'catkin_skip_building_tests' from command line to 'False'
[0.471s] DEBUG:colcon.colcon_core.verb:Building package 'scanbot_description' with the following arguments: {'ament_cmake_args': None, 'build_base': '/home/andres/Documents/Proyecto_G/robot_ws/build/scanbot_description', 'catkin_cmake_args': None, 'catkin_skip_building_tests': False, 'cmake_args': None, 'cmake_clean_cache': False, 'cmake_clean_first': False, 'cmake_force_configure': False, 'cmake_target': None, 'cmake_target_skip_unavailable': False, 'install_base': '/home/andres/Documents/Proyecto_G/robot_ws/install/scanbot_description', 'merge_install': False, 'path': '/home/andres/Documents/Proyecto_G/robot_ws/src/scanbot_description', 'symlink_install': False, 'test_result_base': None}
[0.471s] INFO:colcon.colcon_core.executor:Executing jobs using 'parallel' executor
[0.472s] DEBUG:colcon.colcon_parallel_executor.executor.parallel:run_until_complete
[0.473s] INFO:colcon.colcon_ros.task.ament_cmake.build:Building ROS package in '/home/andres/Documents/Proyecto_G/robot_ws/src/scanbot_description' with build type 'ament_cmake'
[0.473s] INFO:colcon.colcon_cmake.task.cmake.build:Building CMake package in '/home/andres/Documents/Proyecto_G/robot_ws/src/scanbot_description'
[0.475s] INFO:colcon.colcon_core.plugin_system:Skipping extension 'colcon_core.shell.bat': Not used on non-Windows systems
[0.476s] INFO:colcon.colcon_core.shell:Skip shell extension 'powershell' for command environment: Not usable outside of PowerShell
[0.476s] DEBUG:colcon.colcon_core.shell:Skip shell extension 'dsv' for command environment
[0.492s] DEBUG:colcon.colcon_core.event_handler.log_command:Invoking command in '/home/andres/Documents/Proyecto_G/robot_ws/build/scanbot_description': CMAKE_PREFIX_PATH=${CMAKE_PREFIX_PATH}:/home/andres/turtlebot3_ws/install/turtlebot3_teleop:/home/andres/turtlebot3_ws/install/turtlebot3_example:/opt/ros/humble /usr/bin/cmake --build /home/andres/Documents/Proyecto_G/robot_ws/build/scanbot_description -- -j16 -l16
[0.550s] DEBUG:colcon.colcon_core.event_handler.log_command:Invoked command in '/home/andres/Documents/Proyecto_G/robot_ws/build/scanbot_description' returned '0': CMAKE_PREFIX_PATH=${CMAKE_PREFIX_PATH}:/home/andres/turtlebot3_ws/install/turtlebot3_teleop:/home/andres/turtlebot3_ws/install/turtlebot3_example:/opt/ros/humble /usr/bin/cmake --build /home/andres/Documents/Proyecto_G/robot_ws/build/scanbot_description -- -j16 -l16
[0.566s] DEBUG:colcon.colcon_core.event_handler.log_command:Invoking command in '/home/andres/Documents/Proyecto_G/robot_ws/build/scanbot_description': CMAKE_PREFIX_PATH=${CMAKE_PREFIX_PATH}:/home/andres/turtlebot3_ws/install/turtlebot3_teleop:/home/andres/turtlebot3_ws/install/turtlebot3_example:/opt/ros/humble /usr/bin/cmake --install /home/andres/Documents/Proyecto_G/robot_ws/build/scanbot_description
[0.580s] Level 1:colcon.colcon_core.environment:create_environment_scripts_only(scanbot_description)
[0.581s] DEBUG:colcon.colcon_core.event_handler.log_command:Invoked command in '/home/andres/Documents/Proyecto_G/robot_ws/build/scanbot_description' returned '0': CMAKE_PREFIX_PATH=${CMAKE_PREFIX_PATH}:/home/andres/turtlebot3_ws/install/turtlebot3_teleop:/home/andres/turtlebot3_ws/install/turtlebot3_example:/opt/ros/humble /usr/bin/cmake --install /home/andres/Documents/Proyecto_G/robot_ws/build/scanbot_description
[0.584s] Level 1:colcon.colcon_core.environment:checking '/home/andres/Documents/Proyecto_G/robot_ws/install/scanbot_description' for CMake module files
[0.584s] Level 1:colcon.colcon_core.environment:checking '/home/andres/Documents/Proyecto_G/robot_ws/install/scanbot_description' for CMake config files
[0.585s] Level 1:colcon.colcon_core.shell:create_environment_hook('scanbot_description', 'cmake_prefix_path')
[0.585s] INFO:colcon.colcon_core.shell:Creating environment hook '/home/andres/Documents/Proyecto_G/robot_ws/install/scanbot_description/share/scanbot_description/hook/cmake_prefix_path.ps1'
[0.586s] INFO:colcon.colcon_core.shell:Creating environment descriptor '/home/andres/Documents/Proyecto_G/robot_ws/install/scanbot_description/share/scanbot_description/hook/cmake_prefix_path.dsv'
[0.587s] INFO:colcon.colcon_core.shell:Creating environment hook '/home/andres/Documents/Proyecto_G/robot_ws/install/scanbot_description/share/scanbot_description/hook/cmake_prefix_path.sh'
[0.588s] Level 1:colcon.colcon_core.environment:checking '/home/andres/Documents/Proyecto_G/robot_ws/install/scanbot_description/bin'
[0.588s] Level 1:colcon.colcon_core.environment:checking '/home/andres/Documents/Proyecto_G/robot_ws/install/scanbot_description/lib/pkgconfig/scanbot_description.pc'
[0.588s] Level 1:colcon.colcon_core.environment:checking '/home/andres/Documents/Proyecto_G/robot_ws/install/scanbot_description/lib/python3.10/site-packages'
[0.589s] Level 1:colcon.colcon_core.environment:checking '/home/andres/Documents/Proyecto_G/robot_ws/install/scanbot_description/bin'
[0.589s] INFO:colcon.colcon_core.shell:Creating package script '/home/andres/Documents/Proyecto_G/robot_ws/install/scanbot_description/share/scanbot_description/package.ps1'
[0.590s] INFO:colcon.colcon_core.shell:Creating package descriptor '/home/andres/Documents/Proyecto_G/robot_ws/install/scanbot_description/share/scanbot_description/package.dsv'
[0.591s] INFO:colcon.colcon_core.shell:Creating package script '/home/andres/Documents/Proyecto_G/robot_ws/install/scanbot_description/share/scanbot_description/package.sh'
[0.592s] INFO:colcon.colcon_core.shell:Creating package script '/home/andres/Documents/Proyecto_G/robot_ws/install/scanbot_description/share/scanbot_description/package.bash'
[0.593s] INFO:colcon.colcon_core.shell:Creating package script '/home/andres/Documents/Proyecto_G/robot_ws/install/scanbot_description/share/scanbot_description/package.zsh'
[0.594s] Level 1:colcon.colcon_core.environment:create_file_with_runtime_dependencies(/home/andres/Documents/Proyecto_G/robot_ws/install/scanbot_description/share/colcon-core/packages/scanbot_description)
[0.594s] Level 1:colcon.colcon_core.environment:create_environment_scripts_only(scanbot_description)
[0.595s] Level 1:colcon.colcon_core.environment:checking '/home/andres/Documents/Proyecto_G/robot_ws/install/scanbot_description' for CMake module files
[0.595s] Level 1:colcon.colcon_core.environment:checking '/home/andres/Documents/Proyecto_G/robot_ws/install/scanbot_description' for CMake config files
[0.595s] Level 1:colcon.colcon_core.shell:create_environment_hook('scanbot_description', 'cmake_prefix_path')
[0.596s] INFO:colcon.colcon_core.shell:Creating environment hook '/home/andres/Documents/Proyecto_G/robot_ws/install/scanbot_description/share/scanbot_description/hook/cmake_prefix_path.ps1'
[0.596s] INFO:colcon.colcon_core.shell:Creating environment descriptor '/home/andres/Documents/Proyecto_G/robot_ws/install/scanbot_description/share/scanbot_description/hook/cmake_prefix_path.dsv'
[0.597s] INFO:colcon.colcon_core.shell:Creating environment hook '/home/andres/Documents/Proyecto_G/robot_ws/install/scanbot_description/share/scanbot_description/hook/cmake_prefix_path.sh'
[0.597s] Level 1:colcon.colcon_core.environment:checking '/home/andres/Documents/Proyecto_G/robot_ws/install/scanbot_description/bin'
[0.597s] Level 1:colcon.colcon_core.environment:checking '/home/andres/Documents/Proyecto_G/robot_ws/install/scanbot_description/lib/pkgconfig/scanbot_description.pc'
[0.598s] Level 1:colcon.colcon_core.environment:checking '/home/andres/Documents/Proyecto_G/robot_ws/install/scanbot_description/lib/python3.10/site-packages'
[0.598s] Level 1:colcon.colcon_core.environment:checking '/home/andres/Documents/Proyecto_G/robot_ws/install/scanbot_description/bin'
[0.599s] INFO:colcon.colcon_core.shell:Creating package script '/home/andres/Documents/Proyecto_G/robot_ws/install/scanbot_description/share/scanbot_description/package.ps1'
[0.599s] INFO:colcon.colcon_core.shell:Creating package descriptor '/home/andres/Documents/Proyecto_G/robot_ws/install/scanbot_description/share/scanbot_description/package.dsv'
[0.600s] INFO:colcon.colcon_core.shell:Creating package script '/home/andres/Documents/Proyecto_G/robot_ws/install/scanbot_description/share/scanbot_description/package.sh'
[0.600s] INFO:colcon.colcon_core.shell:Creating package script '/home/andres/Documents/Proyecto_G/robot_ws/install/scanbot_description/share/scanbot_description/package.bash'
[0.601s] INFO:colcon.colcon_core.shell:Creating package script '/home/andres/Documents/Proyecto_G/robot_ws/install/scanbot_description/share/scanbot_description/package.zsh'
[0.602s] Level 1:colcon.colcon_core.environment:create_file_with_runtime_dependencies(/home/andres/Documents/Proyecto_G/robot_ws/install/scanbot_description/share/colcon-core/packages/scanbot_description)
[0.602s] DEBUG:colcon.colcon_parallel_executor.executor.parallel:closing loop
[0.603s] DEBUG:colcon.colcon_parallel_executor.executor.parallel:loop closed
[0.603s] DEBUG:colcon.colcon_parallel_executor.executor.parallel:run_until_complete finished with '0'
[0.603s] DEBUG:colcon.colcon_core.event_reactor:joining thread
[0.610s] INFO:colcon.colcon_core.plugin_system:Skipping extension 'colcon_notification.desktop_notification.terminal_notifier': Not used on non-Darwin systems
[0.610s] INFO:colcon.colcon_core.plugin_system:Skipping extension 'colcon_notification.desktop_notification.win32': Not used on non-Windows systems
[0.610s] INFO:colcon.colcon_notification.desktop_notification:Sending desktop notification using 'notify2'
[0.624s] DEBUG:colcon.colcon_core.event_reactor:joined thread
[0.625s] INFO:colcon.colcon_core.shell:Creating prefix script '/home/andres/Documents/Proyecto_G/robot_ws/install/local_setup.ps1'
[0.626s] INFO:colcon.colcon_core.shell:Creating prefix util module '/home/andres/Documents/Proyecto_G/robot_ws/install/_local_setup_util_ps1.py'
[0.628s] INFO:colcon.colcon_core.shell:Creating prefix chain script '/home/andres/Documents/Proyecto_G/robot_ws/install/setup.ps1'
[0.630s] INFO:colcon.colcon_core.shell:Creating prefix script '/home/andres/Documents/Proyecto_G/robot_ws/install/local_setup.sh'
[0.631s] INFO:colcon.colcon_core.shell:Creating prefix util module '/home/andres/Documents/Proyecto_G/robot_ws/install/_local_setup_util_sh.py'
[0.632s] INFO:colcon.colcon_core.shell:Creating prefix chain script '/home/andres/Documents/Proyecto_G/robot_ws/install/setup.sh'
[0.635s] INFO:colcon.colcon_core.shell:Creating prefix script '/home/andres/Documents/Proyecto_G/robot_ws/install/local_setup.bash'
[0.635s] INFO:colcon.colcon_core.shell:Creating prefix chain script '/home/andres/Documents/Proyecto_G/robot_ws/install/setup.bash'
[0.638s] INFO:colcon.colcon_core.shell:Creating prefix script '/home/andres/Documents/Proyecto_G/robot_ws/install/local_setup.zsh'
[0.638s] INFO:colcon.colcon_core.shell:Creating prefix chain script '/home/andres/Documents/Proyecto_G/robot_ws/install/setup.zsh'
