[0.010s] Invoking command in '/home/andres/colcon_ws/build/mi_robot_rescate': CMAKE_PREFIX_PATH=${CMAKE_PREFIX_PATH}:/home/andres/turtlebot3_ws/install/turtlebot3_teleop:/home/andres/turtlebot3_ws/install/turtlebot3_example:/opt/ros/humble /usr/bin/cmake /home/andres/colcon_ws/src/mi_robot_rescate -DAMENT_CMAKE_SYMLINK_INSTALL=1 -DCMAKE_INSTALL_PREFIX=/home/andres/colcon_ws/install/mi_robot_rescate
[0.063s] -- The C compiler identification is GNU 11.4.0
[0.107s] -- The CXX compiler identification is GNU 11.4.0
[0.113s] -- Detecting C compiler ABI info
[0.176s] -- Detecting C compiler ABI info - done
[0.181s] -- Check for working C compiler: /usr/bin/cc - skipped
[0.181s] -- Detecting C compile features
[0.182s] -- Detecting C compile features - done
[0.184s] -- Detecting CXX compiler ABI info
[0.254s] -- Detecting CXX compiler ABI info - done
[0.259s] -- Check for working CXX compiler: /usr/bin/c++ - skipped
[0.259s] -- Detecting CXX compile features
[0.259s] -- Detecting CXX compile features - done
[0.263s] -- Found ament_cmake: 1.3.14 (/opt/ros/humble/share/ament_cmake/cmake)
[0.387s] -- Found Python3: /usr/bin/python3 (found version "3.10.12") found components: Interpreter 
[0.436s] -- Override CMake install command with custom implementation using symlinks instead of copying resources
[0.484s] -- Found rclcpp: 16.0.19 (/opt/ros/humble/share/rclcpp/cmake)
[0.539s] -- Found rosidl_generator_c: 3.1.8 (/opt/ros/humble/share/rosidl_generator_c/cmake)
[0.546s] -- Found rosidl_adapter: 3.1.8 (/opt/ros/humble/share/rosidl_adapter/cmake)
[0.557s] -- Found rosidl_generator_cpp: 3.1.8 (/opt/ros/humble/share/rosidl_generator_cpp/cmake)
[0.570s] -- Using all available rosidl_typesupport_c: rosidl_typesupport_fastrtps_c;rosidl_typesupport_introspection_c
[0.588s] -- Using all available rosidl_typesupport_cpp: rosidl_typesupport_fastrtps_cpp;rosidl_typesupport_introspection_cpp
[0.641s] -- Found rmw_implementation_cmake: 6.1.2 (/opt/ros/humble/share/rmw_implementation_cmake/cmake)
[0.646s] -- Found rmw_fastrtps_cpp: 6.2.10 (/opt/ros/humble/share/rmw_fastrtps_cpp/cmake)
[0.741s] -- Found OpenSSL: /usr/lib/x86_64-linux-gnu/libcrypto.so (found version "3.0.2")  
[0.770s] -- Found FastRTPS: /opt/ros/humble/include  
[0.815s] -- Using RMW implementation 'rmw_fastrtps_cpp' as default
[0.826s] -- Looking for pthread.h
[0.896s] -- Looking for pthread.h - found
[0.896s] -- Performing Test CMAKE_HAVE_LIBC_PTHREAD
[0.968s] -- Performing Test CMAKE_HAVE_LIBC_PTHREAD - Success
[0.969s] -- Found Threads: TRUE  
[1.017s] -- Found rclpy: 3.3.21 (/opt/ros/humble/share/rclpy/cmake)
[1.020s] -- Found depthai_ros_driver_v3: 3.2.1 (/opt/ros/humble/share/depthai_ros_driver_v3/cmake)
[1.291s] -- Found eigen3_cmake_module: 0.1.1 (/opt/ros/humble/share/eigen3_cmake_module/cmake)
[1.291s] -- Found Eigen3: TRUE (found version "3.4.0") 
[1.291s] -- Ensuring Eigen3 include directory is part of orocos-kdl CMake target
[1.328s] -- Performing Test arch_native_supported
[1.410s] -- Performing Test arch_native_supported - Success
[1.450s] -- Found ament_lint_auto: 0.12.15 (/opt/ros/humble/share/ament_lint_auto/cmake)
[1.563s] -- Added test 'flake8' to check Python code syntax and style conventions
[1.563s] -- Added test 'lint_cmake' to check CMake code style
[1.564s] -- Added test 'pep257' to check Python code against some of the docstring style conventions in PEP 257
[1.566s] -- Added test 'xmllint' to check XML markup files
[1.568s] -- Configuring done
[1.575s] -- Generating done
[1.577s] -- Build files have been written to: /home/andres/colcon_ws/build/mi_robot_rescate
[1.590s] Invoked command in '/home/andres/colcon_ws/build/mi_robot_rescate' returned '0': CMAKE_PREFIX_PATH=${CMAKE_PREFIX_PATH}:/home/andres/turtlebot3_ws/install/turtlebot3_teleop:/home/andres/turtlebot3_ws/install/turtlebot3_example:/opt/ros/humble /usr/bin/cmake /home/andres/colcon_ws/src/mi_robot_rescate -DAMENT_CMAKE_SYMLINK_INSTALL=1 -DCMAKE_INSTALL_PREFIX=/home/andres/colcon_ws/install/mi_robot_rescate
[1.591s] Invoking command in '/home/andres/colcon_ws/build/mi_robot_rescate': CMAKE_PREFIX_PATH=${CMAKE_PREFIX_PATH}:/home/andres/turtlebot3_ws/install/turtlebot3_teleop:/home/andres/turtlebot3_ws/install/turtlebot3_example:/opt/ros/humble /usr/bin/cmake --build /home/andres/colcon_ws/build/mi_robot_rescate -- -j16 -l16
[1.636s] Invoked command in '/home/andres/colcon_ws/build/mi_robot_rescate' returned '0': CMAKE_PREFIX_PATH=${CMAKE_PREFIX_PATH}:/home/andres/turtlebot3_ws/install/turtlebot3_teleop:/home/andres/turtlebot3_ws/install/turtlebot3_example:/opt/ros/humble /usr/bin/cmake --build /home/andres/colcon_ws/build/mi_robot_rescate -- -j16 -l16
[1.646s] Invoking command in '/home/andres/colcon_ws/build/mi_robot_rescate': CMAKE_PREFIX_PATH=${CMAKE_PREFIX_PATH}:/home/andres/turtlebot3_ws/install/turtlebot3_teleop:/home/andres/turtlebot3_ws/install/turtlebot3_example:/opt/ros/humble /usr/bin/cmake --install /home/andres/colcon_ws/build/mi_robot_rescate
[1.654s] -- Install configuration: ""
[1.654s] -- Execute custom install script
[1.655s] -- Symlinking: /home/andres/colcon_ws/install/mi_robot_rescate/share/ament_index/resource_index/package_run_dependencies/mi_robot_rescate
[1.664s] -- Symlinking: /home/andres/colcon_ws/install/mi_robot_rescate/share/ament_index/resource_index/parent_prefix_path/mi_robot_rescate
[1.674s] -- Symlinking: /home/andres/colcon_ws/install/mi_robot_rescate/share/mi_robot_rescate/environment/ament_prefix_path.sh
[1.685s] -- Symlinking: /home/andres/colcon_ws/install/mi_robot_rescate/share/mi_robot_rescate/environment/ament_prefix_path.dsv
[1.694s] -- Symlinking: /home/andres/colcon_ws/install/mi_robot_rescate/share/mi_robot_rescate/environment/path.sh
[1.703s] -- Symlinking: /home/andres/colcon_ws/install/mi_robot_rescate/share/mi_robot_rescate/environment/path.dsv
[1.713s] -- Symlinking: /home/andres/colcon_ws/install/mi_robot_rescate/share/mi_robot_rescate/local_setup.bash
[1.723s] -- Symlinking: /home/andres/colcon_ws/install/mi_robot_rescate/share/mi_robot_rescate/local_setup.sh
[1.732s] -- Symlinking: /home/andres/colcon_ws/install/mi_robot_rescate/share/mi_robot_rescate/local_setup.zsh
[1.743s] -- Symlinking: /home/andres/colcon_ws/install/mi_robot_rescate/share/mi_robot_rescate/local_setup.dsv
[1.754s] -- Symlinking: /home/andres/colcon_ws/install/mi_robot_rescate/share/mi_robot_rescate/package.dsv
[1.766s] -- Symlinking: /home/andres/colcon_ws/install/mi_robot_rescate/share/ament_index/resource_index/packages/mi_robot_rescate
[1.777s] -- Symlinking: /home/andres/colcon_ws/install/mi_robot_rescate/share/mi_robot_rescate/cmake/mi_robot_rescateConfig.cmake
[1.786s] -- Symlinking: /home/andres/colcon_ws/install/mi_robot_rescate/share/mi_robot_rescate/cmake/mi_robot_rescateConfig-version.cmake
[1.796s] -- Symlinking: /home/andres/colcon_ws/install/mi_robot_rescate/share/mi_robot_rescate/package.xml
[1.805s] -- Symlinking: /home/andres/colcon_ws/install/mi_robot_rescate/share/mi_robot_rescate//launch/rescate_vision.launch.py
[1.814s] -- Symlinking: /home/andres/colcon_ws/install/mi_robot_rescate/share/mi_robot_rescate//config/params.yaml
[1.824s] -- Symlinking: /home/andres/colcon_ws/install/mi_robot_rescate/lib/mi_robot_rescate/detector_rescate.py
[1.835s] Invoked command in '/home/andres/colcon_ws/build/mi_robot_rescate' returned '0': CMAKE_PREFIX_PATH=${CMAKE_PREFIX_PATH}:/home/andres/turtlebot3_ws/install/turtlebot3_teleop:/home/andres/turtlebot3_ws/install/turtlebot3_example:/opt/ros/humble /usr/bin/cmake --install /home/andres/colcon_ws/build/mi_robot_rescate
