[0.012s] Invoking command in '/home/andres/colcon_ws/build/mi_robot_rescate': CMAKE_PREFIX_PATH=${CMAKE_PREFIX_PATH}:/home/andres/turtlebot3_ws/install/turtlebot3_teleop:/home/andres/turtlebot3_ws/install/turtlebot3_example:/opt/ros/humble /usr/bin/cmake --build /home/andres/colcon_ws/build/mi_robot_rescate -- -j16 -l16
[0.037s] -- Found ament_cmake: 1.3.14 (/opt/ros/humble/share/ament_cmake/cmake)
[0.135s] -- Found rclcpp: 16.0.19 (/opt/ros/humble/share/rclcpp/cmake)
[0.159s] -- Found rosidl_generator_c: 3.1.8 (/opt/ros/humble/share/rosidl_generator_c/cmake)
[0.160s] -- Found rosidl_adapter: 3.1.8 (/opt/ros/humble/share/rosidl_adapter/cmake)
[0.165s] -- Found rosidl_generator_cpp: 3.1.8 (/opt/ros/humble/share/rosidl_generator_cpp/cmake)
[0.172s] -- Using all available rosidl_typesupport_c: rosidl_typesupport_fastrtps_c;rosidl_typesupport_introspection_c
[0.181s] -- Using all available rosidl_typesupport_cpp: rosidl_typesupport_fastrtps_cpp;rosidl_typesupport_introspection_cpp
[0.203s] -- Found rmw_implementation_cmake: 6.1.2 (/opt/ros/humble/share/rmw_implementation_cmake/cmake)
[0.204s] -- Found rmw_fastrtps_cpp: 6.2.10 (/opt/ros/humble/share/rmw_fastrtps_cpp/cmake)
[0.302s] -- Using RMW implementation 'rmw_fastrtps_cpp' as default
[0.336s] -- Found rclpy: 3.3.21 (/opt/ros/humble/share/rclpy/cmake)
[0.336s] -- Found depthai_ros_driver_v3: 3.2.1 (/opt/ros/humble/share/depthai_ros_driver_v3/cmake)
[0.496s] -- Found eigen3_cmake_module: 0.1.1 (/opt/ros/humble/share/eigen3_cmake_module/cmake)
[0.497s] -- Ensuring Eigen3 include directory is part of orocos-kdl CMake target
[0.534s] -- Found ament_lint_auto: 0.12.15 (/opt/ros/humble/share/ament_lint_auto/cmake)
[0.608s] -- Added test 'flake8' to check Python code syntax and style conventions
[0.608s] -- Added test 'lint_cmake' to check CMake code style
[0.609s] -- Added test 'pep257' to check Python code against some of the docstring style conventions in PEP 257
[0.609s] -- Added test 'xmllint' to check XML markup files
[0.610s] -- Configuring done
[0.616s] -- Generating done
[0.618s] -- Build files have been written to: /home/andres/colcon_ws/build/mi_robot_rescate
[0.647s] Invoked command in '/home/andres/colcon_ws/build/mi_robot_rescate' returned '0': CMAKE_PREFIX_PATH=${CMAKE_PREFIX_PATH}:/home/andres/turtlebot3_ws/install/turtlebot3_teleop:/home/andres/turtlebot3_ws/install/turtlebot3_example:/opt/ros/humble /usr/bin/cmake --build /home/andres/colcon_ws/build/mi_robot_rescate -- -j16 -l16
[0.657s] Invoking command in '/home/andres/colcon_ws/build/mi_robot_rescate': CMAKE_PREFIX_PATH=${CMAKE_PREFIX_PATH}:/home/andres/turtlebot3_ws/install/turtlebot3_teleop:/home/andres/turtlebot3_ws/install/turtlebot3_example:/opt/ros/humble /usr/bin/cmake --install /home/andres/colcon_ws/build/mi_robot_rescate
[0.664s] -- Install configuration: ""
[0.664s] -- Up-to-date: /home/andres/colcon_ws/install/mi_robot_rescate/share/ament_index/resource_index/package_run_dependencies/mi_robot_rescate
[0.664s] -- Up-to-date: /home/andres/colcon_ws/install/mi_robot_rescate/share/ament_index/resource_index/parent_prefix_path/mi_robot_rescate
[0.664s] -- Up-to-date: /home/andres/colcon_ws/install/mi_robot_rescate/share/mi_robot_rescate/environment/ament_prefix_path.sh
[0.664s] -- Installing: /home/andres/colcon_ws/install/mi_robot_rescate/share/mi_robot_rescate/environment/ament_prefix_path.dsv
[0.664s] -- Up-to-date: /home/andres/colcon_ws/install/mi_robot_rescate/share/mi_robot_rescate/environment/path.sh
[0.664s] -- Installing: /home/andres/colcon_ws/install/mi_robot_rescate/share/mi_robot_rescate/environment/path.dsv
[0.664s] -- Up-to-date: /home/andres/colcon_ws/install/mi_robot_rescate/share/mi_robot_rescate/local_setup.bash
[0.665s] -- Up-to-date: /home/andres/colcon_ws/install/mi_robot_rescate/share/mi_robot_rescate/local_setup.sh
[0.665s] -- Up-to-date: /home/andres/colcon_ws/install/mi_robot_rescate/share/mi_robot_rescate/local_setup.zsh
[0.665s] -- Installing: /home/andres/colcon_ws/install/mi_robot_rescate/share/mi_robot_rescate/local_setup.dsv
[0.665s] -- Installing: /home/andres/colcon_ws/install/mi_robot_rescate/share/mi_robot_rescate/package.dsv
[0.665s] -- Up-to-date: /home/andres/colcon_ws/install/mi_robot_rescate/share/ament_index/resource_index/packages/mi_robot_rescate
[0.665s] -- Up-to-date: /home/andres/colcon_ws/install/mi_robot_rescate/share/mi_robot_rescate/cmake/mi_robot_rescateConfig.cmake
[0.665s] -- Up-to-date: /home/andres/colcon_ws/install/mi_robot_rescate/share/mi_robot_rescate/cmake/mi_robot_rescateConfig-version.cmake
[0.665s] -- Up-to-date: /home/andres/colcon_ws/install/mi_robot_rescate/share/mi_robot_rescate/package.xml
[0.665s] -- Up-to-date: /home/andres/colcon_ws/install/mi_robot_rescate/share/mi_robot_rescate//launch
[0.665s] -- Up-to-date: /home/andres/colcon_ws/install/mi_robot_rescate/share/mi_robot_rescate//launch/rescate_vision.launch.py
[0.665s] -- Up-to-date: /home/andres/colcon_ws/install/mi_robot_rescate/share/mi_robot_rescate//config
[0.665s] -- Up-to-date: /home/andres/colcon_ws/install/mi_robot_rescate/share/mi_robot_rescate//config/params.yaml
[0.665s] -- Installing: /home/andres/colcon_ws/install/mi_robot_rescate/lib/mi_robot_rescate/detector_rescate.py
[0.667s] Invoked command in '/home/andres/colcon_ws/build/mi_robot_rescate' returned '0': CMAKE_PREFIX_PATH=${CMAKE_PREFIX_PATH}:/home/andres/turtlebot3_ws/install/turtlebot3_teleop:/home/andres/turtlebot3_ws/install/turtlebot3_example:/opt/ros/humble /usr/bin/cmake --install /home/andres/colcon_ws/build/mi_robot_rescate
