[0.019s] Invoking command in '/home/andres/Documents/Proyecto_G/robot_ws/build/scanbot_description': CMAKE_PREFIX_PATH=${CMAKE_PREFIX_PATH}:/home/andres/turtlebot3_ws/install/turtlebot3_teleop:/home/andres/turtlebot3_ws/install/turtlebot3_example:/opt/ros/humble /usr/bin/cmake --build /home/andres/Documents/Proyecto_G/robot_ws/build/scanbot_description -- -j16 -l16
[0.093s] Invoked command in '/home/andres/Documents/Proyecto_G/robot_ws/build/scanbot_description' returned '0': CMAKE_PREFIX_PATH=${CMAKE_PREFIX_PATH}:/home/andres/turtlebot3_ws/install/turtlebot3_teleop:/home/andres/turtlebot3_ws/install/turtlebot3_example:/opt/ros/humble /usr/bin/cmake --build /home/andres/Documents/Proyecto_G/robot_ws/build/scanbot_description -- -j16 -l16
[0.111s] Invoking command in '/home/andres/Documents/Proyecto_G/robot_ws/build/scanbot_description': CMAKE_PREFIX_PATH=${CMAKE_PREFIX_PATH}:/home/andres/turtlebot3_ws/install/turtlebot3_teleop:/home/andres/turtlebot3_ws/install/turtlebot3_example:/opt/ros/humble /usr/bin/cmake --install /home/andres/Documents/Proyecto_G/robot_ws/build/scanbot_description
[0.124s] -- Install configuration: ""
[0.125s] -- Up-to-date: /home/andres/Documents/Proyecto_G/robot_ws/install/scanbot_description/share/scanbot_description/urdf
[0.125s] -- Up-to-date: /home/andres/Documents/Proyecto_G/robot_ws/install/scanbot_description/share/scanbot_description/urdf/ScanBot__f.urdf
[0.125s] -- Up-to-date: /home/andres/Documents/Proyecto_G/robot_ws/install/scanbot_description/share/scanbot_description/urdf/ScanBot__f.csv
[0.125s] -- Up-to-date: /home/andres/Documents/Proyecto_G/robot_ws/install/scanbot_description/share/scanbot_description/meshes
[0.125s] -- Up-to-date: /home/andres/Documents/Proyecto_G/robot_ws/install/scanbot_description/share/scanbot_description/meshes/Left_Scatter_Gear_link.STL
[0.125s] -- Up-to-date: /home/andres/Documents/Proyecto_G/robot_ws/install/scanbot_description/share/scanbot_description/meshes/base_link.STL
[0.126s] -- Up-to-date: /home/andres/Documents/Proyecto_G/robot_ws/install/scanbot_description/share/scanbot_description/meshes/Rigth_Gear_link.STL
[0.126s] -- Up-to-date: /home/andres/Documents/Proyecto_G/robot_ws/install/scanbot_description/share/scanbot_description/meshes/Left_Gear_link.STL
[0.126s] -- Up-to-date: /home/andres/Documents/Proyecto_G/robot_ws/install/scanbot_description/share/scanbot_description/meshes/Rigth_Scatter_Gear_link.STL
[0.126s] -- Up-to-date: /home/andres/Documents/Proyecto_G/robot_ws/install/scanbot_description/share/scanbot_description/launch
[0.126s] -- Up-to-date: /home/andres/Documents/Proyecto_G/robot_ws/install/scanbot_description/share/scanbot_description/launch/display.launch
[0.126s] -- Up-to-date: /home/andres/Documents/Proyecto_G/robot_ws/install/scanbot_description/share/scanbot_description/launch/gazebo.launch
[0.126s] [31mCMake Error at cmake_install.cmake:46 (file):
[0.126s]   file INSTALL cannot find
[0.126s]   "/home/andres/Documents/Proyecto_G/robot_ws/src/scanbot_description/rviz":
[0.126s]   No such file or directory.
[0.126s] 
[0.126s] [0m
[0.128s] Invoked command in '/home/andres/Documents/Proyecto_G/robot_ws/build/scanbot_description' returned '1': CMAKE_PREFIX_PATH=${CMAKE_PREFIX_PATH}:/home/andres/turtlebot3_ws/install/turtlebot3_teleop:/home/andres/turtlebot3_ws/install/turtlebot3_example:/opt/ros/humble /usr/bin/cmake --install /home/andres/Documents/Proyecto_G/robot_ws/build/scanbot_description
