-- The C compiler identification is GNU 11.4.0
-- The CXX compiler identification is GNU 11.4.0
-- Detecting C compiler ABI info
-- Detecting C compiler ABI info - done
-- Check for working C compiler: /usr/bin/cc - skipped
-- Detecting C compile features
-- Detecting C compile features - done
-- Detecting CXX compiler ABI info
-- Detecting CXX compiler ABI info - done
-- Check for working CXX compiler: /usr/bin/c++ - skipped
-- Detecting CXX compile features
-- Detecting CXX compile features - done
-- Found ament_cmake: 1.3.14 (/opt/ros/humble/share/ament_cmake/cmake)
-- Found Python3: /usr/bin/python3 (found version "3.10.12") found components: Interpreter 
-- Configuring done
-- Generating done
-- Build files have been written to: /home/andres/Documents/Proyecto_G/robot_ws/build/scanbot_description
-- Install configuration: ""
-- Installing: /home/andres/Documents/Proyecto_G/robot_ws/install/scanbot_description/share/scanbot_description/urdf
-- Installing: /home/andres/Documents/Proyecto_G/robot_ws/install/scanbot_description/share/scanbot_description/urdf/ScanBot__f.urdf
-- Installing: /home/andres/Documents/Proyecto_G/robot_ws/install/scanbot_description/share/scanbot_description/urdf/ScanBot__f.csv
-- Installing: /home/andres/Documents/Proyecto_G/robot_ws/install/scanbot_description/share/scanbot_description/meshes
-- Installing: /home/andres/Documents/Proyecto_G/robot_ws/install/scanbot_description/share/scanbot_description/meshes/Left_Scatter_Gear_link.STL
-- Installing: /home/andres/Documents/Proyecto_G/robot_ws/install/scanbot_description/share/scanbot_description/meshes/base_link.STL
-- Installing: /home/andres/Documents/Proyecto_G/robot_ws/install/scanbot_description/share/scanbot_description/meshes/Rigth_Gear_link.STL
-- Installing: /home/andres/Documents/Proyecto_G/robot_ws/install/scanbot_description/share/scanbot_description/meshes/Left_Gear_link.STL
-- Installing: /home/andres/Documents/Proyecto_G/robot_ws/install/scanbot_description/share/scanbot_description/meshes/Rigth_Scatter_Gear_link.STL
-- Installing: /home/andres/Documents/Proyecto_G/robot_ws/install/scanbot_description/share/scanbot_description/launch
-- Installing: /home/andres/Documents/Proyecto_G/robot_ws/install/scanbot_description/share/scanbot_description/launch/display.launch
-- Installing: /home/andres/Documents/Proyecto_G/robot_ws/install/scanbot_description/share/scanbot_description/launch/gazebo.launch
