[0.012s] Invoking command in '/home/andres/Documents/Proyecto_G/robot_ws/build/scanbot_description': CMAKE_PREFIX_PATH=${CMAKE_PREFIX_PATH}:/home/andres/turtlebot3_ws/install/turtlebot3_teleop:/home/andres/turtlebot3_ws/install/turtlebot3_example:/opt/ros/humble /usr/bin/cmake /home/andres/Documents/Proyecto_G/robot_ws/src/scanbot_description -DCMAKE_INSTALL_PREFIX=/home/andres/Documents/Proyecto_G/robot_ws/install/scanbot_description
[0.058s] -- The C compiler identification is GNU 11.4.0
[0.102s] -- The CXX compiler identification is GNU 11.4.0
[0.108s] -- Detecting C compiler ABI info
[0.172s] -- Detecting C compiler ABI info - done
[0.177s] -- Check for working C compiler: /usr/bin/cc - skipped
[0.177s] -- Detecting C compile features
[0.177s] -- Detecting C compile features - done
[0.179s] -- Detecting CXX compiler ABI info
[0.249s] -- Detecting CXX compiler ABI info - done
[0.254s] -- Check for working CXX compiler: /usr/bin/c++ - skipped
[0.255s] -- Detecting CXX compile features
[0.255s] -- Detecting CXX compile features - done
[0.259s] -- Found ament_cmake: 1.3.14 (/opt/ros/humble/share/ament_cmake/cmake)
[0.387s] -- Found Python3: /usr/bin/python3 (found version "3.10.12") found components: Interpreter 
[0.548s] -- Configuring done
[0.551s] -- Generating done
[0.552s] -- Build files have been written to: /home/andres/Documents/Proyecto_G/robot_ws/build/scanbot_description
[0.556s] Invoked command in '/home/andres/Documents/Proyecto_G/robot_ws/build/scanbot_description' returned '0': CMAKE_PREFIX_PATH=${CMAKE_PREFIX_PATH}:/home/andres/turtlebot3_ws/install/turtlebot3_teleop:/home/andres/turtlebot3_ws/install/turtlebot3_example:/opt/ros/humble /usr/bin/cmake /home/andres/Documents/Proyecto_G/robot_ws/src/scanbot_description -DCMAKE_INSTALL_PREFIX=/home/andres/Documents/Proyecto_G/robot_ws/install/scanbot_description
[0.558s] Invoking command in '/home/andres/Documents/Proyecto_G/robot_ws/build/scanbot_description': CMAKE_PREFIX_PATH=${CMAKE_PREFIX_PATH}:/home/andres/turtlebot3_ws/install/turtlebot3_teleop:/home/andres/turtlebot3_ws/install/turtlebot3_example:/opt/ros/humble /usr/bin/cmake --build /home/andres/Documents/Proyecto_G/robot_ws/build/scanbot_description -- -j16 -l16
[0.595s] Invoked command in '/home/andres/Documents/Proyecto_G/robot_ws/build/scanbot_description' returned '0': CMAKE_PREFIX_PATH=${CMAKE_PREFIX_PATH}:/home/andres/turtlebot3_ws/install/turtlebot3_teleop:/home/andres/turtlebot3_ws/install/turtlebot3_example:/opt/ros/humble /usr/bin/cmake --build /home/andres/Documents/Proyecto_G/robot_ws/build/scanbot_description -- -j16 -l16
[0.604s] Invoking command in '/home/andres/Documents/Proyecto_G/robot_ws/build/scanbot_description': CMAKE_PREFIX_PATH=${CMAKE_PREFIX_PATH}:/home/andres/turtlebot3_ws/install/turtlebot3_teleop:/home/andres/turtlebot3_ws/install/turtlebot3_example:/opt/ros/humble /usr/bin/cmake --install /home/andres/Documents/Proyecto_G/robot_ws/build/scanbot_description
[0.611s] -- Install configuration: ""
[0.611s] -- Installing: /home/andres/Documents/Proyecto_G/robot_ws/install/scanbot_description/share/scanbot_description/urdf
[0.611s] -- Installing: /home/andres/Documents/Proyecto_G/robot_ws/install/scanbot_description/share/scanbot_description/urdf/ScanBot__f.urdf
[0.612s] -- Installing: /home/andres/Documents/Proyecto_G/robot_ws/install/scanbot_description/share/scanbot_description/urdf/ScanBot__f.csv
[0.612s] -- Installing: /home/andres/Documents/Proyecto_G/robot_ws/install/scanbot_description/share/scanbot_description/meshes
[0.612s] -- Installing: /home/andres/Documents/Proyecto_G/robot_ws/install/scanbot_description/share/scanbot_description/meshes/Left_Scatter_Gear_link.STL
[0.615s] -- Installing: /home/andres/Documents/Proyecto_G/robot_ws/install/scanbot_description/share/scanbot_description/meshes/base_link.STL
[0.628s] -- Installing: /home/andres/Documents/Proyecto_G/robot_ws/install/scanbot_description/share/scanbot_description/meshes/Rigth_Gear_link.STL
[0.631s] -- Installing: /home/andres/Documents/Proyecto_G/robot_ws/install/scanbot_description/share/scanbot_description/meshes/Left_Gear_link.STL
[0.634s] -- Installing: /home/andres/Documents/Proyecto_G/robot_ws/install/scanbot_description/share/scanbot_description/meshes/Rigth_Scatter_Gear_link.STL
[0.636s] -- Installing: /home/andres/Documents/Proyecto_G/robot_ws/install/scanbot_description/share/scanbot_description/launch
[0.636s] -- Installing: /home/andres/Documents/Proyecto_G/robot_ws/install/scanbot_description/share/scanbot_description/launch/display.launch
[0.637s] -- Installing: /home/andres/Documents/Proyecto_G/robot_ws/install/scanbot_description/share/scanbot_description/launch/gazebo.launch
[0.637s] [31mCMake Error at cmake_install.cmake:46 (file):
[0.637s]   file INSTALL cannot find
[0.637s]   "/home/andres/Documents/Proyecto_G/robot_ws/src/scanbot_description/rviz":
[0.637s]   No such file or directory.
[0.637s] 
[0.637s] [0m
[0.638s] Invoked command in '/home/andres/Documents/Proyecto_G/robot_ws/build/scanbot_description' returned '1': CMAKE_PREFIX_PATH=${CMAKE_PREFIX_PATH}:/home/andres/turtlebot3_ws/install/turtlebot3_teleop:/home/andres/turtlebot3_ws/install/turtlebot3_example:/opt/ros/humble /usr/bin/cmake --install /home/andres/Documents/Proyecto_G/robot_ws/build/scanbot_description
