[0.022s] Invoking command in '/home/andres/Documents/Proyecto_G/OAK_D_programs/colcon_ws/build/depthai_descriptions': CMAKE_PREFIX_PATH=${CMAKE_PREFIX_PATH}:/home/andres/turtlebot3_ws/install/turtlebot3_teleop:/home/andres/turtlebot3_ws/install/turtlebot3_example:/opt/ros/humble /usr/bin/cmake /home/andres/Documents/Proyecto_G/OAK_D_programs/colcon_ws/src/depthai-ros/depthai_descriptions -DCMAKE_INSTALL_PREFIX=/home/andres/Documents/Proyecto_G/OAK_D_programs/colcon_ws/install/depthai_descriptions
[0.148s] -- The C compiler identification is GNU 11.4.0
[0.256s] -- The CXX compiler identification is GNU 11.4.0
[0.268s] -- Detecting C compiler ABI info
[0.372s] -- Detecting C compiler ABI info - done
[0.379s] -- Check for working C compiler: /usr/bin/cc - skipped
[0.380s] -- Detecting C compile features
[0.380s] -- Detecting C compile features - done
[0.384s] -- Detecting CXX compiler ABI info
[0.497s] -- Detecting CXX compiler ABI info - done
[0.510s] -- Check for working CXX compiler: /usr/bin/c++ - skipped
[0.510s] -- Detecting CXX compile features
[0.511s] -- Detecting CXX compile features - done
[0.516s] -- Found ament_cmake: 1.3.14 (/opt/ros/humble/share/ament_cmake/cmake)
[0.714s] -- Found Python3: /usr/bin/python3 (found version "3.10.12") found components: Interpreter 
[0.976s] -- Configuring done
[0.980s] -- Generating done
[0.982s] -- Build files have been written to: /home/andres/Documents/Proyecto_G/OAK_D_programs/colcon_ws/build/depthai_descriptions
[0.987s] Invoked command in '/home/andres/Documents/Proyecto_G/OAK_D_programs/colcon_ws/build/depthai_descriptions' returned '0': CMAKE_PREFIX_PATH=${CMAKE_PREFIX_PATH}:/home/andres/turtlebot3_ws/install/turtlebot3_teleop:/home/andres/turtlebot3_ws/install/turtlebot3_example:/opt/ros/humble /usr/bin/cmake /home/andres/Documents/Proyecto_G/OAK_D_programs/colcon_ws/src/depthai-ros/depthai_descriptions -DCMAKE_INSTALL_PREFIX=/home/andres/Documents/Proyecto_G/OAK_D_programs/colcon_ws/install/depthai_descriptions
[0.990s] Invoking command in '/home/andres/Documents/Proyecto_G/OAK_D_programs/colcon_ws/build/depthai_descriptions': CMAKE_PREFIX_PATH=${CMAKE_PREFIX_PATH}:/home/andres/turtlebot3_ws/install/turtlebot3_teleop:/home/andres/turtlebot3_ws/install/turtlebot3_example:/opt/ros/humble /usr/bin/cmake --build /home/andres/Documents/Proyecto_G/OAK_D_programs/colcon_ws/build/depthai_descriptions -- -j16 -l16
[1.053s] Invoked command in '/home/andres/Documents/Proyecto_G/OAK_D_programs/colcon_ws/build/depthai_descriptions' returned '0': CMAKE_PREFIX_PATH=${CMAKE_PREFIX_PATH}:/home/andres/turtlebot3_ws/install/turtlebot3_teleop:/home/andres/turtlebot3_ws/install/turtlebot3_example:/opt/ros/humble /usr/bin/cmake --build /home/andres/Documents/Proyecto_G/OAK_D_programs/colcon_ws/build/depthai_descriptions -- -j16 -l16
[1.055s] Invoking command in '/home/andres/Documents/Proyecto_G/OAK_D_programs/colcon_ws/build/depthai_descriptions': CMAKE_PREFIX_PATH=${CMAKE_PREFIX_PATH}:/home/andres/turtlebot3_ws/install/turtlebot3_teleop:/home/andres/turtlebot3_ws/install/turtlebot3_example:/opt/ros/humble /usr/bin/cmake --install /home/andres/Documents/Proyecto_G/OAK_D_programs/colcon_ws/build/depthai_descriptions
[1.064s] -- Install configuration: ""
[1.064s] -- Installing: /home/andres/Documents/Proyecto_G/OAK_D_programs/colcon_ws/install/depthai_descriptions/share/depthai_descriptions/launch
[1.064s] -- Installing: /home/andres/Documents/Proyecto_G/OAK_D_programs/colcon_ws/install/depthai_descriptions/share/depthai_descriptions/launch/urdf_launch.py
[1.065s] -- Installing: /home/andres/Documents/Proyecto_G/OAK_D_programs/colcon_ws/install/depthai_descriptions/share/depthai_descriptions/urdf
[1.065s] -- Installing: /home/andres/Documents/Proyecto_G/OAK_D_programs/colcon_ws/install/depthai_descriptions/share/depthai_descriptions/urdf/depthai_descr.urdf.xacro
[1.065s] -- Installing: /home/andres/Documents/Proyecto_G/OAK_D_programs/colcon_ws/install/depthai_descriptions/share/depthai_descriptions/urdf/base_descr.urdf.xacro
[1.065s] -- Installing: /home/andres/Documents/Proyecto_G/OAK_D_programs/colcon_ws/install/depthai_descriptions/share/depthai_descriptions/urdf/models
[1.065s] -- Installing: /home/andres/Documents/Proyecto_G/OAK_D_programs/colcon_ws/install/depthai_descriptions/share/depthai_descriptions/urdf/models/OAK4-S.stl
[1.073s] -- Installing: /home/andres/Documents/Proyecto_G/OAK_D_programs/colcon_ws/install/depthai_descriptions/share/depthai_descriptions/urdf/models/OAK-D-PRO.stl
[1.084s] -- Installing: /home/andres/Documents/Proyecto_G/OAK_D_programs/colcon_ws/install/depthai_descriptions/share/depthai_descriptions/urdf/models/OAK-D-LR.stl
[1.092s] -- Installing: /home/andres/Documents/Proyecto_G/OAK_D_programs/colcon_ws/install/depthai_descriptions/share/depthai_descriptions/urdf/models/OAK-T.stl
[1.104s] -- Installing: /home/andres/Documents/Proyecto_G/OAK_D_programs/colcon_ws/install/depthai_descriptions/share/depthai_descriptions/urdf/models/OAK-D-PRO-W.stl
[1.121s] -- Installing: /home/andres/Documents/Proyecto_G/OAK_D_programs/colcon_ws/install/depthai_descriptions/share/depthai_descriptions/urdf/models/OAK-D.stl
[1.128s] -- Installing: /home/andres/Documents/Proyecto_G/OAK_D_programs/colcon_ws/install/depthai_descriptions/share/depthai_descriptions/urdf/models/OAK-D-IOT-75.stl
[1.146s] -- Installing: /home/andres/Documents/Proyecto_G/OAK_D_programs/colcon_ws/install/depthai_descriptions/share/depthai_descriptions/urdf/models/OAK-1.stl
[1.167s] -- Installing: /home/andres/Documents/Proyecto_G/OAK_D_programs/colcon_ws/install/depthai_descriptions/share/depthai_descriptions/urdf/models/OAK-D-S2-POE.stl
[1.186s] -- Installing: /home/andres/Documents/Proyecto_G/OAK_D_programs/colcon_ws/install/depthai_descriptions/share/depthai_descriptions/urdf/models/OAK-D-SR.stl
[1.199s] -- Installing: /home/andres/Documents/Proyecto_G/OAK_D_programs/colcon_ws/install/depthai_descriptions/share/depthai_descriptions/urdf/models/OAK-D-CM4-POE.stl
[1.225s] -- Installing: /home/andres/Documents/Proyecto_G/OAK_D_programs/colcon_ws/install/depthai_descriptions/share/depthai_descriptions/urdf/models/OAK-D-POE.stl
[1.237s] -- Installing: /home/andres/Documents/Proyecto_G/OAK_D_programs/colcon_ws/install/depthai_descriptions/share/depthai_descriptions/urdf/models/OAK-D-SR-POE.stl
[1.241s] -- Installing: /home/andres/Documents/Proyecto_G/OAK_D_programs/colcon_ws/install/depthai_descriptions/share/depthai_descriptions/urdf/models/OAK4-D.stl
[1.264s] -- Installing: /home/andres/Documents/Proyecto_G/OAK_D_programs/colcon_ws/install/depthai_descriptions/share/depthai_descriptions/urdf/models/OAK-D-S2.stl
[1.274s] -- Installing: /home/andres/Documents/Proyecto_G/OAK_D_programs/colcon_ws/install/depthai_descriptions/share/depthai_descriptions/urdf/models/OAK-D-LITE.stl
[1.283s] -- Installing: /home/andres/Documents/Proyecto_G/OAK_D_programs/colcon_ws/install/depthai_descriptions/share/depthai_descriptions/urdf/include
[1.284s] -- Installing: /home/andres/Documents/Proyecto_G/OAK_D_programs/colcon_ws/install/depthai_descriptions/share/depthai_descriptions/urdf/include/depthai_macro.urdf.xacro
[1.284s] -- Installing: /home/andres/Documents/Proyecto_G/OAK_D_programs/colcon_ws/install/depthai_descriptions/share/depthai_descriptions/urdf/include/base_macro.urdf.xacro
[1.284s] -- Installing: /home/andres/Documents/Proyecto_G/OAK_D_programs/colcon_ws/install/depthai_descriptions/share/depthai_descriptions/environment/depthai_descriptions.sh
[1.284s] -- Installing: /home/andres/Documents/Proyecto_G/OAK_D_programs/colcon_ws/install/depthai_descriptions/share/depthai_descriptions/environment/depthai_descriptions.dsv
[1.284s] -- Installing: /home/andres/Documents/Proyecto_G/OAK_D_programs/colcon_ws/install/depthai_descriptions/share/ament_index/resource_index/package_run_dependencies/depthai_descriptions
[1.285s] -- Installing: /home/andres/Documents/Proyecto_G/OAK_D_programs/colcon_ws/install/depthai_descriptions/share/ament_index/resource_index/parent_prefix_path/depthai_descriptions
[1.285s] -- Installing: /home/andres/Documents/Proyecto_G/OAK_D_programs/colcon_ws/install/depthai_descriptions/share/depthai_descriptions/environment/ament_prefix_path.sh
[1.285s] -- Installing: /home/andres/Documents/Proyecto_G/OAK_D_programs/colcon_ws/install/depthai_descriptions/share/depthai_descriptions/environment/ament_prefix_path.dsv
[1.285s] -- Installing: /home/andres/Documents/Proyecto_G/OAK_D_programs/colcon_ws/install/depthai_descriptions/share/depthai_descriptions/environment/path.sh
[1.286s] -- Installing: /home/andres/Documents/Proyecto_G/OAK_D_programs/colcon_ws/install/depthai_descriptions/share/depthai_descriptions/environment/path.dsv
[1.286s] -- Installing: /home/andres/Documents/Proyecto_G/OAK_D_programs/colcon_ws/install/depthai_descriptions/share/depthai_descriptions/local_setup.bash
[1.286s] -- Installing: /home/andres/Documents/Proyecto_G/OAK_D_programs/colcon_ws/install/depthai_descriptions/share/depthai_descriptions/local_setup.sh
[1.286s] -- Installing: /home/andres/Documents/Proyecto_G/OAK_D_programs/colcon_ws/install/depthai_descriptions/share/depthai_descriptions/local_setup.zsh
[1.286s] -- Installing: /home/andres/Documents/Proyecto_G/OAK_D_programs/colcon_ws/install/depthai_descriptions/share/depthai_descriptions/local_setup.dsv
[1.287s] -- Installing: /home/andres/Documents/Proyecto_G/OAK_D_programs/colcon_ws/install/depthai_descriptions/share/depthai_descriptions/package.dsv
[1.287s] -- Installing: /home/andres/Documents/Proyecto_G/OAK_D_programs/colcon_ws/install/depthai_descriptions/share/ament_index/resource_index/packages/depthai_descriptions
[1.287s] -- Installing: /home/andres/Documents/Proyecto_G/OAK_D_programs/colcon_ws/install/depthai_descriptions/share/depthai_descriptions/cmake/depthai_descriptionsConfig.cmake
[1.287s] -- Installing: /home/andres/Documents/Proyecto_G/OAK_D_programs/colcon_ws/install/depthai_descriptions/share/depthai_descriptions/cmake/depthai_descriptionsConfig-version.cmake
[1.288s] -- Installing: /home/andres/Documents/Proyecto_G/OAK_D_programs/colcon_ws/install/depthai_descriptions/share/depthai_descriptions/package.xml
[1.291s] Invoked command in '/home/andres/Documents/Proyecto_G/OAK_D_programs/colcon_ws/build/depthai_descriptions' returned '0': CMAKE_PREFIX_PATH=${CMAKE_PREFIX_PATH}:/home/andres/turtlebot3_ws/install/turtlebot3_teleop:/home/andres/turtlebot3_ws/install/turtlebot3_example:/opt/ros/humble /usr/bin/cmake --install /home/andres/Documents/Proyecto_G/OAK_D_programs/colcon_ws/build/depthai_descriptions
