-- Install configuration: ""
-- Up-to-date: /home/andres/Documents/Proyecto_G/robot_ws/install/scanbot_description/share/scanbot_description/urdf
-- Installing: /home/andres/Documents/Proyecto_G/robot_ws/install/scanbot_description/share/scanbot_description/urdf/scanbot_description.urdf.xacro
-- Up-to-date: /home/andres/Documents/Proyecto_G/robot_ws/install/scanbot_description/share/scanbot_description/urdf/scanbot_description.csv
-- Up-to-date: /home/andres/Documents/Proyecto_G/robot_ws/install/scanbot_description/share/scanbot_description/meshes
-- Up-to-date: /home/andres/Documents/Proyecto_G/robot_ws/install/scanbot_description/share/scanbot_description/meshes/Left_Scatter_Gear_link.STL
-- Up-to-date: /home/andres/Documents/Proyecto_G/robot_ws/install/scanbot_description/share/scanbot_description/meshes/base_link.STL
-- Up-to-date: /home/andres/Documents/Proyecto_G/robot_ws/install/scanbot_description/share/scanbot_description/meshes/Rigth_Gear_link.STL
-- Up-to-date: /home/andres/Documents/Proyecto_G/robot_ws/install/scanbot_description/share/scanbot_description/meshes/Left_Gear_link.STL
-- Up-to-date: /home/andres/Documents/Proyecto_G/robot_ws/install/scanbot_description/share/scanbot_description/meshes/Rigth_Scatter_Gear_link.STL
-- Up-to-date: /home/andres/Documents/Proyecto_G/robot_ws/install/scanbot_description/share/scanbot_description/launch
-- Up-to-date: /home/andres/Documents/Proyecto_G/robot_ws/install/scanbot_description/share/scanbot_description/launch/display.launch.py
-- Up-to-date: /home/andres/Documents/Proyecto_G/robot_ws/install/scanbot_description/share/scanbot_description/launch/display.launch
-- Up-to-date: /home/andres/Documents/Proyecto_G/robot_ws/install/scanbot_description/share/scanbot_description/launch/gazebo.launch
-- Up-to-date: /home/andres/Documents/Proyecto_G/robot_ws/install/scanbot_description/share/scanbot_description/rviz
-- Up-to-date: /home/andres/Documents/Proyecto_G/robot_ws/install/scanbot_description/share/scanbot_description/config
-- Up-to-date: /home/andres/Documents/Proyecto_G/robot_ws/install/scanbot_description/share/scanbot_description/config/joint_names_ScanBot__f.yaml
-- Up-to-date: /home/andres/Documents/Proyecto_G/robot_ws/install/scanbot_description/share/scanbot_description/textures
-- Up-to-date: /home/andres/Documents/Proyecto_G/robot_ws/install/scanbot_description/share/ament_index/resource_index/package_run_dependencies/scanbot_description
-- Up-to-date: /home/andres/Documents/Proyecto_G/robot_ws/install/scanbot_description/share/ament_index/resource_index/parent_prefix_path/scanbot_description
-- Up-to-date: /home/andres/Documents/Proyecto_G/robot_ws/install/scanbot_description/share/scanbot_description/environment/ament_prefix_path.sh
-- Up-to-date: /home/andres/Documents/Proyecto_G/robot_ws/install/scanbot_description/share/scanbot_description/environment/ament_prefix_path.dsv
-- Up-to-date: /home/andres/Documents/Proyecto_G/robot_ws/install/scanbot_description/share/scanbot_description/environment/path.sh
-- Up-to-date: /home/andres/Documents/Proyecto_G/robot_ws/install/scanbot_description/share/scanbot_description/environment/path.dsv
-- Up-to-date: /home/andres/Documents/Proyecto_G/robot_ws/install/scanbot_description/share/scanbot_description/local_setup.bash
-- Up-to-date: /home/andres/Documents/Proyecto_G/robot_ws/install/scanbot_description/share/scanbot_description/local_setup.sh
-- Up-to-date: /home/andres/Documents/Proyecto_G/robot_ws/install/scanbot_description/share/scanbot_description/local_setup.zsh
-- Up-to-date: /home/andres/Documents/Proyecto_G/robot_ws/install/scanbot_description/share/scanbot_description/local_setup.dsv
-- Installing: /home/andres/Documents/Proyecto_G/robot_ws/install/scanbot_description/share/scanbot_description/package.dsv
-- Up-to-date: /home/andres/Documents/Proyecto_G/robot_ws/install/scanbot_description/share/ament_index/resource_index/packages/scanbot_description
-- Up-to-date: /home/andres/Documents/Proyecto_G/robot_ws/install/scanbot_description/share/scanbot_description/cmake/scanbot_descriptionConfig.cmake
-- Up-to-date: /home/andres/Documents/Proyecto_G/robot_ws/install/scanbot_description/share/scanbot_description/cmake/scanbot_descriptionConfig-version.cmake
-- Up-to-date: /home/andres/Documents/Proyecto_G/robot_ws/install/scanbot_description/share/scanbot_description/package.xml
