[0.010s] Invoking command in '/home/andres/colcon_ws/build/mi_robot_rescate': CMAKE_PREFIX_PATH=${CMAKE_PREFIX_PATH}:/home/andres/turtlebot3_ws/install/turtlebot3_teleop:/home/andres/turtlebot3_ws/install/turtlebot3_example:/opt/ros/humble /usr/bin/cmake /home/andres/colcon_ws/src/mi_robot_rescate -DAMENT_CMAKE_SYMLINK_INSTALL=1 -DCMAKE_INSTALL_PREFIX=/home/andres/colcon_ws/install/mi_robot_rescate
[0.057s] -- The C compiler identification is GNU 11.4.0
[0.100s] -- The CXX compiler identification is GNU 11.4.0
[0.106s] -- Detecting C compiler ABI info
[0.172s] -- Detecting C compiler ABI info - done
[0.178s] -- Check for working C compiler: /usr/bin/cc - skipped
[0.178s] -- Detecting C compile features
[0.178s] -- Detecting C compile features - done
[0.181s] -- Detecting CXX compiler ABI info
[0.259s] -- Detecting CXX compiler ABI info - done
[0.264s] -- Check for working CXX compiler: /usr/bin/c++ - skipped
[0.265s] -- Detecting CXX compile features
[0.265s] -- Detecting CXX compile features - done
[0.269s] -- Found ament_cmake: 1.3.14 (/opt/ros/humble/share/ament_cmake/cmake)
[0.401s] -- Found Python3: /usr/bin/python3 (found version "3.10.12") found components: Interpreter 
[0.466s] -- Override CMake install command with custom implementation using symlinks instead of copying resources
[0.514s] -- Found rclcpp: 16.0.19 (/opt/ros/humble/share/rclcpp/cmake)
[0.570s] -- Found rosidl_generator_c: 3.1.8 (/opt/ros/humble/share/rosidl_generator_c/cmake)
[0.578s] -- Found rosidl_adapter: 3.1.8 (/opt/ros/humble/share/rosidl_adapter/cmake)
[0.589s] -- Found rosidl_generator_cpp: 3.1.8 (/opt/ros/humble/share/rosidl_generator_cpp/cmake)
[0.604s] -- Using all available rosidl_typesupport_c: rosidl_typesupport_fastrtps_c;rosidl_typesupport_introspection_c
[0.625s] -- Using all available rosidl_typesupport_cpp: rosidl_typesupport_fastrtps_cpp;rosidl_typesupport_introspection_cpp
[0.682s] -- Found rmw_implementation_cmake: 6.1.2 (/opt/ros/humble/share/rmw_implementation_cmake/cmake)
[0.686s] -- Found rmw_fastrtps_cpp: 6.2.10 (/opt/ros/humble/share/rmw_fastrtps_cpp/cmake)
[0.784s] -- Found OpenSSL: /usr/lib/x86_64-linux-gnu/libcrypto.so (found version "3.0.2")  
[0.812s] -- Found FastRTPS: /opt/ros/humble/include  
[0.855s] -- Using RMW implementation 'rmw_fastrtps_cpp' as default
[0.867s] -- Looking for pthread.h
[0.930s] -- Looking for pthread.h - found
[0.931s] -- Performing Test CMAKE_HAVE_LIBC_PTHREAD
[0.998s] -- Performing Test CMAKE_HAVE_LIBC_PTHREAD - Success
[0.999s] -- Found Threads: TRUE  
[1.046s] -- Found rclpy: 3.3.21 (/opt/ros/humble/share/rclpy/cmake)
[1.049s] -- Found depthai_ros_driver_v3: 3.2.1 (/opt/ros/humble/share/depthai_ros_driver_v3/cmake)
[1.315s] -- Found eigen3_cmake_module: 0.1.1 (/opt/ros/humble/share/eigen3_cmake_module/cmake)
[1.316s] -- Found Eigen3: TRUE (found version "3.4.0") 
[1.316s] -- Ensuring Eigen3 include directory is part of orocos-kdl CMake target
[1.351s] -- Performing Test arch_native_supported
[1.419s] -- Performing Test arch_native_supported - Success
[1.458s] -- Found ament_lint_auto: 0.12.15 (/opt/ros/humble/share/ament_lint_auto/cmake)
[1.552s] -- Added test 'flake8' to check Python code syntax and style conventions
[1.552s] -- Added test 'lint_cmake' to check CMake code style
[1.553s] -- Added test 'pep257' to check Python code against some of the docstring style conventions in PEP 257
[1.554s] -- Added test 'xmllint' to check XML markup files
[1.556s] -- Configuring done
[1.562s] -- Generating done
[1.564s] -- Build files have been written to: /home/andres/colcon_ws/build/mi_robot_rescate
[1.574s] Invoked command in '/home/andres/colcon_ws/build/mi_robot_rescate' returned '0': CMAKE_PREFIX_PATH=${CMAKE_PREFIX_PATH}:/home/andres/turtlebot3_ws/install/turtlebot3_teleop:/home/andres/turtlebot3_ws/install/turtlebot3_example:/opt/ros/humble /usr/bin/cmake /home/andres/colcon_ws/src/mi_robot_rescate -DAMENT_CMAKE_SYMLINK_INSTALL=1 -DCMAKE_INSTALL_PREFIX=/home/andres/colcon_ws/install/mi_robot_rescate
[1.576s] Invoking command in '/home/andres/colcon_ws/build/mi_robot_rescate': CMAKE_PREFIX_PATH=${CMAKE_PREFIX_PATH}:/home/andres/turtlebot3_ws/install/turtlebot3_teleop:/home/andres/turtlebot3_ws/install/turtlebot3_example:/opt/ros/humble /usr/bin/cmake --build /home/andres/colcon_ws/build/mi_robot_rescate -- -j16 -l16
[1.616s] Invoked command in '/home/andres/colcon_ws/build/mi_robot_rescate' returned '0': CMAKE_PREFIX_PATH=${CMAKE_PREFIX_PATH}:/home/andres/turtlebot3_ws/install/turtlebot3_teleop:/home/andres/turtlebot3_ws/install/turtlebot3_example:/opt/ros/humble /usr/bin/cmake --build /home/andres/colcon_ws/build/mi_robot_rescate -- -j16 -l16
[1.626s] Invoking command in '/home/andres/colcon_ws/build/mi_robot_rescate': CMAKE_PREFIX_PATH=${CMAKE_PREFIX_PATH}:/home/andres/turtlebot3_ws/install/turtlebot3_teleop:/home/andres/turtlebot3_ws/install/turtlebot3_example:/opt/ros/humble /usr/bin/cmake --install /home/andres/colcon_ws/build/mi_robot_rescate
[1.632s] -- Install configuration: ""
[1.632s] -- Execute custom install script
[1.633s] -- Symlinking: /home/andres/colcon_ws/install/mi_robot_rescate/share/ament_index/resource_index/package_run_dependencies/mi_robot_rescate
[1.643s] -- Symlinking: /home/andres/colcon_ws/install/mi_robot_rescate/share/ament_index/resource_index/parent_prefix_path/mi_robot_rescate
[1.652s] -- Symlinking: /home/andres/colcon_ws/install/mi_robot_rescate/share/mi_robot_rescate/environment/ament_prefix_path.sh
[1.662s] -- Symlinking: /home/andres/colcon_ws/install/mi_robot_rescate/share/mi_robot_rescate/environment/ament_prefix_path.dsv
[1.670s] -- Symlinking: /home/andres/colcon_ws/install/mi_robot_rescate/share/mi_robot_rescate/environment/path.sh
[1.679s] -- Symlinking: /home/andres/colcon_ws/install/mi_robot_rescate/share/mi_robot_rescate/environment/path.dsv
[1.687s] -- Symlinking: /home/andres/colcon_ws/install/mi_robot_rescate/share/mi_robot_rescate/local_setup.bash
[1.695s] -- Symlinking: /home/andres/colcon_ws/install/mi_robot_rescate/share/mi_robot_rescate/local_setup.sh
[1.704s] -- Symlinking: /home/andres/colcon_ws/install/mi_robot_rescate/share/mi_robot_rescate/local_setup.zsh
[1.712s] -- Symlinking: /home/andres/colcon_ws/install/mi_robot_rescate/share/mi_robot_rescate/local_setup.dsv
[1.720s] -- Symlinking: /home/andres/colcon_ws/install/mi_robot_rescate/share/mi_robot_rescate/package.dsv
[1.729s] -- Symlinking: /home/andres/colcon_ws/install/mi_robot_rescate/share/ament_index/resource_index/packages/mi_robot_rescate
[1.737s] -- Symlinking: /home/andres/colcon_ws/install/mi_robot_rescate/share/mi_robot_rescate/cmake/mi_robot_rescateConfig.cmake
[1.745s] -- Symlinking: /home/andres/colcon_ws/install/mi_robot_rescate/share/mi_robot_rescate/cmake/mi_robot_rescateConfig-version.cmake
[1.755s] -- Symlinking: /home/andres/colcon_ws/install/mi_robot_rescate/share/mi_robot_rescate/package.xml
[1.763s] -- Symlinking: /home/andres/colcon_ws/install/mi_robot_rescate/share/mi_robot_rescate//launch/rescate_vision.launch.py
[1.772s] -- Symlinking: /home/andres/colcon_ws/install/mi_robot_rescate/share/mi_robot_rescate//config/params.yaml
[1.781s] -- Symlinking: /home/andres/colcon_ws/install/mi_robot_rescate/lib/mi_robot_rescate/detector_rescate.py
[1.791s] Invoked command in '/home/andres/colcon_ws/build/mi_robot_rescate' returned '0': CMAKE_PREFIX_PATH=${CMAKE_PREFIX_PATH}:/home/andres/turtlebot3_ws/install/turtlebot3_teleop:/home/andres/turtlebot3_ws/install/turtlebot3_example:/opt/ros/humble /usr/bin/cmake --install /home/andres/colcon_ws/build/mi_robot_rescate
