[0.020s] Invoking command in '/home/andres/Documents/Proyecto_G/OAK_D_programs/colcon_ws/build/mi_robot_rescate': CMAKE_PREFIX_PATH=${CMAKE_PREFIX_PATH}:/home/andres/turtlebot3_ws/install/turtlebot3_teleop:/home/andres/turtlebot3_ws/install/turtlebot3_example:/opt/ros/humble /usr/bin/cmake --build /home/andres/Documents/Proyecto_G/OAK_D_programs/colcon_ws/build/mi_robot_rescate -- -j16 -l16
[0.038s] [0mCMake Error: The current CMakeCache.txt directory /home/andres/Documents/Proyecto_G/OAK_D_programs/colcon_ws/build/mi_robot_rescate/CMakeCache.txt is different than the directory /home/andres/colcon_ws/build/mi_robot_rescate where CMakeCache.txt was created. This may result in binaries being created in the wrong place. If you are not sure, reedit the CMakeCache.txt[0m
[0.091s] -- Found ament_cmake: 1.3.14 (/opt/ros/humble/share/ament_cmake/cmake)
[0.259s] -- Override CMake install command with custom implementation using symlinks instead of copying resources
[0.279s] -- Found rclpy: 3.3.21 (/opt/ros/humble/share/rclpy/cmake)
[0.279s] -- Found vision_msgs: 4.1.1 (/opt/ros/humble/share/vision_msgs/cmake)
[0.324s] -- Found rosidl_generator_c: 3.1.8 (/opt/ros/humble/share/rosidl_generator_c/cmake)
[0.328s] -- Found rosidl_adapter: 3.1.8 (/opt/ros/humble/share/rosidl_adapter/cmake)
[0.339s] -- Found rosidl_generator_cpp: 3.1.8 (/opt/ros/humble/share/rosidl_generator_cpp/cmake)
[0.356s] -- Using all available rosidl_typesupport_c: rosidl_typesupport_fastrtps_c;rosidl_typesupport_introspection_c
[0.375s] -- Using all available rosidl_typesupport_cpp: rosidl_typesupport_fastrtps_cpp;rosidl_typesupport_introspection_cpp
[0.447s] -- Found sensor_msgs: 4.9.1 (/opt/ros/humble/share/sensor_msgs/cmake)
[0.470s] -- Found tf2_ros: 0.25.20 (/opt/ros/humble/share/tf2_ros/cmake)
[0.552s] -- Found rmw_implementation_cmake: 6.1.2 (/opt/ros/humble/share/rmw_implementation_cmake/cmake)
[0.555s] -- Found rmw_fastrtps_cpp: 6.2.10 (/opt/ros/humble/share/rmw_fastrtps_cpp/cmake)
[0.728s] -- Using RMW implementation 'rmw_fastrtps_cpp' as default
[0.983s] -- Configuring done
[0.990s] -- Generating done
[0.994s] -- Build files have been written to: /home/andres/colcon_ws/build/mi_robot_rescate
[1.030s] Invoked command in '/home/andres/Documents/Proyecto_G/OAK_D_programs/colcon_ws/build/mi_robot_rescate' returned '0': CMAKE_PREFIX_PATH=${CMAKE_PREFIX_PATH}:/home/andres/turtlebot3_ws/install/turtlebot3_teleop:/home/andres/turtlebot3_ws/install/turtlebot3_example:/opt/ros/humble /usr/bin/cmake --build /home/andres/Documents/Proyecto_G/OAK_D_programs/colcon_ws/build/mi_robot_rescate -- -j16 -l16
[1.045s] Invoking command in '/home/andres/Documents/Proyecto_G/OAK_D_programs/colcon_ws/build/mi_robot_rescate': CMAKE_PREFIX_PATH=${CMAKE_PREFIX_PATH}:/home/andres/turtlebot3_ws/install/turtlebot3_teleop:/home/andres/turtlebot3_ws/install/turtlebot3_example:/opt/ros/humble /usr/bin/cmake --install /home/andres/Documents/Proyecto_G/OAK_D_programs/colcon_ws/build/mi_robot_rescate
[1.055s] -- Install configuration: ""
[1.056s] -- Up-to-date: /home/andres/colcon_ws/install/mi_robot_rescate/share/mi_robot_rescate/launch
[1.056s] -- Up-to-date: /home/andres/colcon_ws/install/mi_robot_rescate/share/mi_robot_rescate/config
[1.059s] -- Installing: /home/andres/colcon_ws/install/mi_robot_rescate/share/mi_robot_rescate/package.dsv
[1.063s] Invoked command in '/home/andres/Documents/Proyecto_G/OAK_D_programs/colcon_ws/build/mi_robot_rescate' returned '0': CMAKE_PREFIX_PATH=${CMAKE_PREFIX_PATH}:/home/andres/turtlebot3_ws/install/turtlebot3_teleop:/home/andres/turtlebot3_ws/install/turtlebot3_example:/opt/ros/humble /usr/bin/cmake --install /home/andres/Documents/Proyecto_G/OAK_D_programs/colcon_ws/build/mi_robot_rescate
